// Jest Snapshot v1, https://goo.gl/fbAQLP

exports[`<App /> should render and match the snapshot 1`] = `
<div>
  <Switch>
    <Route
      component={[Function]}
      exact={true}
      path="/"
    />
    <Route
      component={[Function]}
      exact={true}
      path="/task-1"
    />
    <Route
      component={[Function]}
      exact={true}
      path="/task-2"
    />
    <Route
      component={[Function]}
    />
  </Switch>
  <GlobalStyleComponent />
</div>
`;
